// Jest Snapshot v1, https://goo.gl/fbAQLP

exports[`<Anova /> renders test result 1`] = `
<div
  style={
    {
      "overflowX": "auto",
      "width": "100%",
    }
  }
>
  <label>
    hypothesis-test-for-independence
    :
  </label>
</div>
`;
