// Jest Snapshot v1, https://goo.gl/fbAQLP

exports[`<HeatMap /> renders a heat map 1`] = `
<div
  className="plotly-container"
  style={
    {
      "height": "100%",
      "width": "100%",
      "zIndex": 1,
    }
  }
>
  <button
    className="plotly-draggable-bar"
    disabled={true}
    draggable={false}
    onClick={[Function]}
    onDragStart={[Function]}
    style={
      {
        "opacity": 0.2,
      }
    }
  >
    drag-plot
  </button>
  <div
    className="plotly-draggable"
    style={
      {
        "height": "100%",
        "width": "100%",
        "zIndex": 1,
      }
    }
  />
</div>
`;
