// Jest Snapshot v1, https://goo.gl/fbAQLP

exports[`<FreeTextSurvey /> renders a survey 1`] = `
<div
  className="panel  card"
  id="dynamic-text-survey-1"
  style={
    {
      "height": undefined,
    }
  }
>
  <div
    className="card-body"
    style={
      {
        "display": null,
      }
    }
  >
    <div
      className="container"
    >
      <div
        className="row"
      >
        <div
          className="col-md-6"
        >
          <div
            className="free-text-survey card"
          >
            <div
              className="card-body"
            >
              <label />
              <div
                className="input"
                id="dynamic-text-area-1-form"
              >
                <textarea
                  className="form-control"
                  disabled={false}
                  id="dynamic-text-area-1"
                  onBlur={[Function]}
                  onChange={[Function]}
                  placeholder="enter-text"
                  rows={4}
                  style={
                    {
                      "resize": "none",
                    }
                  }
                  value=""
                />
              </div>
              <div
                className="d-grid gap-2"
              >
                <button
                  className="stoppable-button btn btn-success btn-small"
                  disabled={true}
                  onClick={[Function]}
                  type="button"
                >
                  submit
                </button>
                <div
                  className="gate outer-element"
                  style={
                    {
                      "display": "none",
                    }
                  }
                >
                  <button
                    className="btn btn-secondary btn-small"
                    disabled={false}
                    onClick={[Function]}
                    type="button"
                  >
                    <span>
                      pause
                    </span>
                  </button>
                </div>
              </div>
            </div>
          </div>
        </div>
        <div
          className="col-md-6"
        >
          <h3>
            no-responses-yet
          </h3>
        </div>
      </div>
    </div>
    <div />
  </div>
</div>
`;
