// Jest Snapshot v1, https://goo.gl/fbAQLP

exports[`<ProportionsSurvey /> renders a survey 1`] = `
<div
  className="panel  card"
  style={
    {
      "height": undefined,
    }
  }
>
  <div
    className="card-body"
    style={
      {
        "display": null,
      }
    }
  >
    <div
      className="container"
    >
      <div
        className="row"
      >
        <div
          className="col-md-6"
        >
          <div
            className="number-survey card"
          >
            <div
              className="card-body"
            >
              <h5
                className="card-title"
              >
                Decide what is important
              </h5>
              <label
                htmlFor="number-survey-input-Survey"
              >
                your-answer
                :
              </label>
              <span
                className="input"
                onBlur={[Function]}
                onFocus={[Function]}
                onMouseOut={[Function]}
                onMouseOver={[Function]}
                style={
                  {
                    "padding": "5px",
                  }
                }
              >
                <input
                  autoComplete="off"
                  className="number-number-input"
                  disabled={false}
                  id="number-survey-input-Survey"
                  max={Infinity}
                  min={-Infinity}
                  name="input"
                  onBlur={[Function]}
                  onChange={[Function]}
                  onKeyDown={[Function]}
                  onKeyPress={[Function]}
                  onKeyUp={[Function]}
                  placeholder="0"
                  step="any"
                  style={
                    {
                      "marginLeft": "3px",
                      "paddingLeft": "6px",
                      "width": "80px",
                    }
                  }
                  type="number"
                  value={0}
                />
                <span />
              </span>
              <div
                className="d-grid gap-2"
              >
                <button
                  className="stoppable-button btn btn-success btn-small"
                  disabled={false}
                  onClick={[Function]}
                  type="button"
                >
                  submit
                </button>
                <div
                  className="gate outer-element"
                  style={
                    {
                      "display": "none",
                    }
                  }
                >
                  <button
                    className="btn btn-secondary btn-small"
                    disabled={false}
                    onClick={[Function]}
                    type="button"
                  >
                    <span>
                      pause
                    </span>
                  </button>
                </div>
              </div>
            </div>
          </div>
        </div>
        <div
          className="col-md-6"
        >
          <div
            className="plotly-container"
            style={
              {
                "height": 300,
                "width": 400,
                "zIndex": 1,
              }
            }
          >
            <div
              className={null}
              style={
                {
                  "height": 300,
                  "width": 400,
                  "zIndex": 1,
                }
              }
            />
          </div>
        </div>
      </div>
    </div>
    <div />
  </div>
</div>
`;
