// Jest Snapshot v1, https://goo.gl/fbAQLP

exports[`<Recorder /> renders a recorder 1`] = `
<div
  className="recorder-container unselectable"
  style={Object {}}
>
  <div
    className="recorder-rec"
    style={
      Object {
        "color": "rgb(100,100,100)",
      }
    }
  >
    REC
  </div>
  <div
    className="recorder-buttongroup btn-group btn-group-sm"
    role="group"
  >
    <input
      autoComplete="off"
      checked={false}
      className="btn-check"
      disabled={true}
      id="recorder-toggle-screen"
      onChange={[Function]}
      type="checkbox"
      value="screen"
    />
    <label
      className="recorder-togglebutton disabled btn btn-light"
      disabled={false}
      htmlFor="recorder-toggle-screen"
      onClick={[Function]}
      onKeyDown={[Function]}
      tabIndex={0}
    >
      screen
    </label>
    <input
      autoComplete="off"
      checked={false}
      className="btn-check"
      disabled={true}
      id="recorder-toggle-camera"
      onChange={[Function]}
      type="checkbox"
      value="camera"
    />
    <label
      className="recorder-togglebutton disabled btn btn-light"
      disabled={false}
      htmlFor="recorder-toggle-camera"
      onClick={[Function]}
      onKeyDown={[Function]}
      tabIndex={0}
    >
      cam
    </label>
    <input
      autoComplete="off"
      checked={false}
      className="btn-check"
      disabled={true}
      id="recorder-toggle-audio"
      onChange={[Function]}
      type="checkbox"
      value="audio"
    />
    <label
      className="recorder-togglebutton disabled btn btn-light"
      disabled={false}
      htmlFor="recorder-toggle-audio"
      onClick={[Function]}
      onKeyDown={[Function]}
      tabIndex={0}
    >
      audio
    </label>
  </div>
  <div
    style={
      Object {
        "background": "rgba(0, 80,255,0.5)",
      }
    }
  />
</div>
`;
