// Jest Snapshot v1, https://goo.gl/fbAQLP

exports[`<ScrollingText /> renders a scrolling text 1`] = `
<div
  style={
    {
      "overflow": "hidden",
      "width": "100%",
    }
  }
>
  <p
    className="scrolling-text "
    style={
      {
        "animation": "ticker-slide-in-left 1s forwards, ticker-slide-out-right 1s 3s forwards",
        "color": "blue",
        "fontSize": 44,
      }
    }
  >
    This is a text re-appearing every five seconds
  </p>
</div>
`;
