// Jest Snapshot v1, https://goo.gl/fbAQLP

exports[`<Seal /> renders a seal 1`] = `
<div
  className="seal-container"
  onClick={[Function]}
  onKeyPress={[Function]}
  role="button"
  style={
    {
      "WebkitFilter": "grayscale(0%)",
      "filter": "grayscale(0%)",
      "opacity": 1,
    }
  }
  tabIndex={0}
>
  <div
    className="seal-outer-border"
  />
  <div
    className="seal-fine-border"
  />
  <div
    className="seal-inner-circle"
    style={{}}
  />
  <div
    className="seal-logo"
  />
  <div
    className="seal-lower-logo"
  />
  <div
    className="seal-wrapper"
  >
    <div
      className="seal-title"
    >
      Enter a title
    </div>
  </div>
  <div
    className="seal-lower-line"
  >
    <div>
      <p
        style={
          {
            "left": 7.066675633983849,
            "position": "absolute",
            "top": 113.29371405922686,
            "transform": "rotate(75deg)",
            "transformOrigin": "50% 50%",
          }
        }
      >
        T
      </p>
      <p
        style={
          {
            "left": 13.482882750536746,
            "position": "absolute",
            "top": 130.21186180514633,
            "transform": "rotate(63.46153846153846deg)",
            "transformOrigin": "50% 50%",
          }
        }
      >
        h
      </p>
      <p
        style={
          {
            "left": 23.15348674518549,
            "position": "absolute",
            "top": 145.50469853656887,
            "transform": "rotate(51.92307692307692deg)",
            "transformOrigin": "50% 50%",
          }
        }
      >
        e
      </p>
      <p
        style={
          {
            "left": 35.68761441575152,
            "position": "absolute",
            "top": 158.55410773596233,
            "transform": "rotate(40.38461538461538deg)",
            "transformOrigin": "50% 50%",
          }
        }
      >
         
      </p>
      <p
        style={
          {
            "left": 50.57865266735261,
            "position": "absolute",
            "top": 168.8326493010199,
            "transform": "rotate(28.84615384615384deg)",
            "transformOrigin": "50% 50%",
          }
        }
      >
        l
      </p>
      <p
        style={
          {
            "left": 67.22472515303176,
            "position": "absolute",
            "top": 175.92487798576911,
            "transform": "rotate(17.3076923076923deg)",
            "transformOrigin": "50% 50%",
          }
        }
      >
        o
      </p>
      <p
        style={
          {
            "left": 84.95301933080347,
            "position": "absolute",
            "top": 179.54413515563812,
            "transform": "rotate(5.769230769230761deg)",
            "transformOrigin": "50% 50%",
          }
        }
      >
        w
      </p>
      <p
        style={
          {
            "left": 103.04698066919654,
            "position": "absolute",
            "top": 179.54413515563812,
            "transform": "rotate(-5.769230769230777deg)",
            "transformOrigin": "50% 50%",
          }
        }
      >
        e
      </p>
      <p
        style={
          {
            "left": 120.77527484696827,
            "position": "absolute",
            "top": 175.92487798576911,
            "transform": "rotate(-17.307692307692314deg)",
            "transformOrigin": "50% 50%",
          }
        }
      >
        r
      </p>
      <p
        style={
          {
            "left": 137.42134733264743,
            "position": "absolute",
            "top": 168.8326493010199,
            "transform": "rotate(-28.846153846153854deg)",
            "transformOrigin": "50% 50%",
          }
        }
      >
         
      </p>
      <p
        style={
          {
            "left": 152.3123855842485,
            "position": "absolute",
            "top": 158.5541077359623,
            "transform": "rotate(-40.384615384615394deg)",
            "transformOrigin": "50% 50%",
          }
        }
      >
        t
      </p>
      <p
        style={
          {
            "left": 164.8465132548145,
            "position": "absolute",
            "top": 145.50469853656887,
            "transform": "rotate(-51.923076923076934deg)",
            "transformOrigin": "50% 50%",
          }
        }
      >
        e
      </p>
      <p
        style={
          {
            "left": 174.51711724946327,
            "position": "absolute",
            "top": 130.21186180514633,
            "transform": "rotate(-63.461538461538474deg)",
            "transformOrigin": "50% 50%",
          }
        }
      >
        x
      </p>
      <p
        style={
          {
            "left": 180.93332436601617,
            "position": "absolute",
            "top": 113.29371405922684,
            "transform": "rotate(-75.00000000000001deg)",
            "transformOrigin": "50% 50%",
          }
        }
      >
        t
      </p>
    </div>
  </div>
  <div
    className="seal-upper"
  >
    <div>
      <p
        style={
          {
            "left": 5.791349613852773,
            "position": "absolute",
            "top": 78.89612295078682,
            "transform": "rotate(-439deg)",
            "transformOrigin": "0% 0%",
          }
        }
      >
        T
      </p>
      <p
        style={
          {
            "left": 11.446812445764479,
            "position": "absolute",
            "top": 60.12790598157926,
            "transform": "rotate(-427.46153846153845deg)",
            "transformOrigin": "0% 0%",
          }
        }
      >
        h
      </p>
      <p
        style={
          {
            "left": 20.742107681649117,
            "position": "absolute",
            "top": 42.8702203162264,
            "transform": "rotate(-415.9230769230769deg)",
            "transformOrigin": "0% 0%",
          }
        }
      >
        e
      </p>
      <p
        style={
          {
            "left": 33.301531609922975,
            "position": "absolute",
            "top": 27.82059910384085,
            "transform": "rotate(-404.38461538461536deg)",
            "transformOrigin": "0% 0%",
          }
        }
      >
         
      </p>
      <p
        style={
          {
            "left": 48.61744869395589,
            "position": "absolute",
            "top": 15.587328407848801,
            "transform": "rotate(-392.8461538461538deg)",
            "transformOrigin": "0% 0%",
          }
        }
      >
        u
      </p>
      <p
        style={
          {
            "left": 66.0708095384617,
            "position": "absolute",
            "top": 6.664861076563312,
            "transform": "rotate(-381.30769230769226deg)",
            "transformOrigin": "0% 0%",
          }
        }
      >
        p
      </p>
      <p
        style={
          {
            "left": 84.95617205876349,
            "position": "absolute",
            "top": 1.413831603863187,
            "transform": "rotate(-369.7692307692307deg)",
            "transformOrigin": "0% 0%",
          }
        }
      >
        p
      </p>
      <p
        style={
          {
            "left": 104.51021452989988,
            "position": "absolute",
            "top": 0.04647975324861875,
            "transform": "rotate(-358.23076923076917deg)",
            "transformOrigin": "0% 0%",
          }
        }
      >
        e
      </p>
      <p
        style={
          {
            "left": 123.942588055312,
            "position": "absolute",
            "top": 2.6180721033790917,
            "transform": "rotate(-346.6923076923076deg)",
            "transformOrigin": "0% 0%",
          }
        }
      >
        r
      </p>
      <p
        style={
          {
            "left": 142.46786143856042,
            "position": "absolute",
            "top": 9.024668245036139,
            "transform": "rotate(-335.1538461538461deg)",
            "transformOrigin": "0% 0%",
          }
        }
      >
         
      </p>
      <p
        style={
          {
            "left": 159.33726728801673,
            "position": "absolute",
            "top": 19.007321916916908,
            "transform": "rotate(-323.6153846153845deg)",
            "transformOrigin": "0% 0%",
          }
        }
      >
        t
      </p>
      <p
        style={
          {
            "left": 173.86896621837724,
            "position": "absolute",
            "top": 32.16254727582826,
            "transform": "rotate(-312.076923076923deg)",
            "transformOrigin": "0% 0%",
          }
        }
      >
        e
      </p>
      <p
        style={
          {
            "left": 185.47560590944062,
            "position": "absolute",
            "top": 47.95862726828896,
            "transform": "rotate(-300.53846153846143deg)",
            "transformOrigin": "0% 0%",
          }
        }
      >
        x
      </p>
      <p
        style={
          {
            "left": 193.68806112093344,
            "position": "absolute",
            "top": 65.75710494042735,
            "transform": "rotate(-288.9999999999999deg)",
            "transformOrigin": "0% 0%",
          }
        }
      >
        t
      </p>
    </div>
  </div>
</div>
`;
