// Jest Snapshot v1, https://goo.gl/fbAQLP

exports[`<Timer /> renders a timer (inactive) 1`] = `
<div
  className="timer-div timer-info"
  style={{}}
>
  00:50
</div>
`;

exports[`<Timer /> renders a timer 1`] = `
<div
  className="timer-div timer-info"
  style={{}}
>
  00:50
</div>
`;
